cargo :    Compiling react v0.1.0 (D:\LEUNGKE5\Projects\oocl\playground\react)
At line:1 char:1
+ cargo run -p main 2> errors.txt
+ ~~~~~~~~~~~~~~~~~~~~~~~~~~~~~~~
    + CategoryInfo          : NotSpecified: (   Compiling re...ayground\react):String) [], RemoteException
    + FullyQualifiedErrorId : NativeCommandError
 
warning: unused imports: `RefCell` and `RefMut`
 --> react\src\counter.rs:1:17
  |
1 | use std::cell::{RefCell, RefMut};
  |                 ^^^^^^^  ^^^^^^
  |
  = note: `#[warn(unused_imports)]` on by default

warning: unused import: `KeyEvent`
 --> react\src\counter.rs:3:40
  |
3 | use crossterm::event::{Event, KeyCode, KeyEvent};
  |                                        ^^^^^^^^

warning: unused import: `crate::log::log`
 --> react\src\counter.rs:4:5
  |
4 | use crate::log::log;
  |     ^^^^^^^^^^^^^^^

warning: unused import: `stateful::Stateful`
 --> react\src\counter.rs:9:5
  |
9 |     stateful::Stateful,
  |     ^^^^^^^^^^^^^^^^^^

warning: unused import: `widget`
 --> react\src\single_char.rs:3:49
  |
3 |     widget::{DisplayList, Drawable, prelude::*, widget},
  |                                                 ^^^^^^

warning: unused imports: `Ref` and `collections::VecDeque`
 --> react\src\stateful.rs:2:12
  |
2 |     cell::{Ref, RefCell, RefMut},
  |            ^^^
3 |     collections::VecDeque,
  |     ^^^^^^^^^^^^^^^^^^^^^

warning: unused import: `std::ops::Deref`
 --> react\src\stateful.rs:8:5
  |
8 | use std::ops::Deref;
  |     ^^^^^^^^^^^^^^^

warning: unused import: `log::log`
 --> react\src\stateful.rs:9:5
  |
9 | use log::log;
  |     ^^^^^^^^

warning: unused import: `widget`
  --> react\src\stateful.rs:12:35
   |
12 |     widget::{DisplayList, Widget, widget},
   |                                   ^^^^^^

warning: unused import: `default::Default`
 --> react\src\widget.rs:2:5
  |
2 |     default::Default,
  |     ^^^^^^^^^^^^^^^^

warning: unused import: `std::any::Any`
 --> react\src\state.rs:1:5
  |
1 | use std::any::Any;
  |     ^^^^^^^^^^^^^

warning: unused import: `std::cell::RefCell`
 --> react\src\state.rs:2:5
  |
2 | use std::cell::RefCell;
  |     ^^^^^^^^^^^^^^^^^^

warning: unused import: `std::collections::HashMap`
 --> react\src\state.rs:3:5
  |
3 | use std::collections::HashMap;
  |     ^^^^^^^^^^^^^^^^^^^^^^^^^

warning: unused import: `std::fmt::Display`
 --> react\src\state.rs:4:5
  |
4 | use std::fmt::Display;
  |     ^^^^^^^^^^^^^^^^^

warning: unused import: `std::rc::Rc`
 --> react\src\state.rs:5:5
  |
5 | use std::rc::Rc;
  |     ^^^^^^^^^^^

warning: unused import: `dynamic_char::DynamicChar`
  --> react\src\lib.rs:19:35
   |
19 |     use crate::{counter::Counter, dynamic_char::DynamicChar, widget::prelude::*};
   |                                   ^^^^^^^^^^^^^^^^^^^^^^^^^
   |
help: if this is a test module, consider adding a `#[cfg(test)]` to the containing module
  --> react\src\lib.rs:17:1
   |
17 | pub mod test {
   | ^^^^^^^^^^^^

warning: unused variable: `size`
   --> react\src\widget.rs:121:17
    |
121 |             let size = if let Ok((cols, rows)) = terminal::size() {
    |                 ^^^^ help: if this is intentional, prefix it with an underscore: `_size`
    |
    = note: `#[warn(unused_variables)]` on by default

warning: unused variable: `context`
  --> react\src\counter.rs:20:21
   |
20 |     fn build(&self, context: &Context) -> Box<dyn Widget> {
   |                     ^^^^^^^ help: if this is intentional, prefix it with an underscore: `_context`

warning: type `DisplayList` is more private than the item `widget::Widget::draw`
  --> react\src\widget.rs:36:5
   |
36 |     fn draw(&self, context: &Context) -> DisplayList {
   |     ^^^^^^^^^^^^^^^^^^^^^^^^^^^^^^^^^^^^^^^^^^^^^^^^ method `widget::Widget::draw` is reachable at visibility `pub`
   |
note: but type `DisplayList` is only usable at visibility `pub(crate)`
  --> react\src\widget.rs:30:1
   |
30 | pub(crate) struct DisplayList {
   | ^^^^^^^^^^^^^^^^^^^^^^^^^^^^^
   = note: `#[warn(private_interfaces)]` on by default

warning: type `DisplayList` is more private than the item `render`
  --> react\src\widget.rs:82:1
   |
82 | pub fn render(display_list: DisplayList, stdout: &mut Stdout) -> io::Result<()> {
   | ^^^^^^^^^^^^^^^^^^^^^^^^^^^^^^^^^^^^^^^^^^^^^^^^^^^^^^^^^^^^^^^^^^^^^^^^^^^^^^^ function `render` is reachable at visibility `pub`
   |
note: but type `DisplayList` is only usable at visibility `pub(crate)`
  --> react\src\widget.rs:30:1
   |
30 | pub(crate) struct DisplayList {
   | ^^^^^^^^^^^^^^^^^^^^^^^^^^^^^

warning: struct `Element` is never constructed
 --> react\src\element.rs:1:19
  |
1 | pub(crate) struct Element {
  |                   ^^^^^^^
  |
  = note: `#[warn(dead_code)]` on by default

warning: associated function `new` is never used
   --> react\src\stateful.rs:102:12
    |
96  | / impl<
97  | |     T: 'static + Clone,
98  | |     Mutation: FnOnce(RefMut<T>),
99  | |     ChildBuilder: Fn(T, Box<dyn Fn(Mutation)>, &Context) -> Box<dyn Widget>,
100 | | > Stateful<T, Mutation, ChildBuilder>
    | |_____________________________________- associated function in this implementation
101 |   {
102 |       pub fn new(init: T, builder: ChildBuilder) -> Self {
    |              ^^^

warning: associated function `with_default` is never used
   --> react\src\stateful.rs:119:12
    |
113 | / impl<
114 | |     T: 'static + Clone + Default,
115 | |     Mutation: FnOnce(RefMut<T>),
116 | |     ChildBuilder: Fn(T, Box<dyn Fn(Mutation)>, &Context) -> Box<dyn Widget>,
117 | | > Stateful<T, Mutation, ChildBuilder>
    | |_____________________________________- associated function in this implementation
118 |   {
119 |       pub fn with_default(builder: ChildBuilder) -> Self {
    |              ^^^^^^^^^^^^

   Compiling main v0.1.0 (D:\LEUNGKE5\Projects\oocl\playground\main)
warning: unused imports: `Duration` and `Instant`
  --> main\src\quicksort.rs:72:21
   |
72 |     use std::time::{Duration, Instant};
   |                     ^^^^^^^^  ^^^^^^^
   |
   = note: `#[warn(unused_imports)]` on by default

warning: unused import: `extend::ext`
  --> main\src\quicksort.rs:74:9
   |
74 |     use extend::ext;
   |         ^^^^^^^^^^^

warning: unused import: `super::prelude::*`
  --> main\src\quicksort.rs:76:9
   |
76 |     use super::prelude::*;
   |         ^^^^^^^^^^^^^^^^^

warning: unused import: `Display`
   --> main\src\recipe.rs:274:22
    |
274 |         fmt::{Debug, Display},
    |                      ^^^^^^^

warning: unused import: `Pipe`
   --> main\src\recipe.rs:280:38
    |
280 |     use super::{Apply, Discard, Log, Pipe, Recipe, Runnable, identity};
    |                                      ^^^^

warning: unused variable: `v`
  --> main\src\quicksort.rs:79:13
   |
79 |         let v = vec![9, 3, -1, 0, 3, -56];
   |             ^ help: if this is intentional, prefix it with an underscore: `_v`
   |
   = note: `#[warn(unused_variables)]` on by default

warning: unused variable: `b`
   --> main\src\recipe.rs:355:13
    |
355 |         let b = [3.0, 2.18, 3.14, 9.11]
    |             ^ help: if this is intentional, prefix it with an underscore: `_b`

warning: variant `Rect` is never constructed
   --> main\src\recipe.rs:340:9
    |
338 |     enum Shape {
    |          ----- variant in this enum
339 |         Circle(f32),
340 |         Rect(f32, f32),
    |         ^^^^
    |
    = note: `Shape` has a derived impl for the trait `Debug`, but this is intentionally ignored during dead code analysis
    = note: `#[warn(dead_code)]` on by default

warning: associated function `square` is never used
   --> main\src\recipe.rs:343:12
    |
342 |     impl Shape {
    |     ---------- associated function in this implementation
343 |         fn square(side: f32) -> Self {
    |            ^^^^^^

warning: `react` (lib) generated 23 warnings (run `cargo fix --lib -p react` to apply 16 suggestions)
warning: `main` (lib) generated 9 warnings (run `cargo fix --lib -p main` to apply 5 suggestions)
warning: variable `b` is assigned to, but never used
  --> main\src\async_exp.rs:27:13
   |
27 |     let mut b: &dyn Future<Output = i32>;
   |             ^
   |
   = note: consider using `_b` instead
   = note: `#[warn(unused_variables)]` on by default

warning: unused variable: `i`
  --> main\src\async_exp.rs:28:9
   |
28 |     for i in 0..10 {
   |         ^ help: if this is intentional, prefix it with an underscore: `_i`

warning: value assigned to `b` is never read
  --> main\src\async_exp.rs:29:9
   |
29 |         b = &async { 5 }
   |         ^
   |
   = help: maybe it is overwritten before being read?
   = note: `#[warn(unused_assignments)]` on by default

warning: unused variable: `context`
  --> main\src\compose.rs:25:20
   |
25 |     fn build(self, context: ()) -> impl Compose {
   |                    ^^^^^^^ help: if this is intentional, prefix it with an underscore: `_context`

warning: unused variable: `context`
  --> main\src\compose.rs:37:20
   |
37 |     fn build(self, context: ()) -> impl Compose {
   |                    ^^^^^^^ help: if this is intentional, prefix it with an underscore: `_context`

warning: unused variable: `context`
  --> main\src\compose.rs:46:20
   |
46 |     fn build(self, context: ()) -> impl Compose {
   |                    ^^^^^^^ help: if this is intentional, prefix it with an underscore: `_context`

warning: unused variable: `old_widget`
  --> main\src\compose.rs:11:28
   |
11 |     fn needsRebuild(&self, old_widget: &Self) -> bool {
   |                            ^^^^^^^^^^ help: if this is intentional, prefix it with an underscore: `_old_widget`

warning: unused variable: `this`
  --> main\src\linked_list.rs:30:51
   |
30 |             Empty => replace_with_or_abort(self, |this| cons(elem, Empty)),
   |                                                   ^^^^ help: if this is intentional, prefix it with an underscore: `_this`

warning: unused variable: `others`
  --> main\src\linked_list.rs:89:34
   |
89 |             ListIter::Cons(elem, others) => {
   |                                  ^^^^^^ help: if this is intentional, prefix it with an underscore: `_others`

warning: unused variable: `others`
   --> main\src\linked_list.rs:111:37
    |
111 |             ListRefIter::Cons(elem, others) => {
    |                                     ^^^^^^ help: if this is intentional, prefix it with an underscore: `_others`

warning: unused variable: `others`
   --> main\src\linked_list.rs:133:40
    |
133 |             ListRefMutIter::Cons(elem, others) => {
    |                                        ^^^^^^ help: if this is intentional, prefix it with an underscore: `_others`

warning: variable does not need to be mutable
   --> main\src\linked_list.rs:283:32
    |
283 |         c.iter_mut().for_each(|mut s| *s += "1");
    |                                ----^
    |                                |
    |                                help: remove this `mut`
    |
    = note: `#[warn(unused_mut)]` on by default

warning: unused variable: `v`
  --> main\src\quicksort.rs:79:13
   |
79 |         let v = vec![9, 3, -1, 0, 3, -56];
   |             ^ help: if this is intentional, prefix it with an underscore: `_v`

warning: unused variable: `item`
  --> main\src\tree.rs:22:29
   |
22 |     fn insert(&'a mut self, item: T) {
   |                             ^^^^ help: if this is intentional, prefix it with an underscore: `_item`

warning: unused variable: `a`
   --> main\src\main.rs:396:9
    |
396 |     let a = mix![
    |         ^ help: if this is intentional, prefix it with an underscore: `_a`

warning: unused variable: `apple1`
   --> main\src\main.rs:437:9
    |
437 |     let apple1 = Apple {
    |         ^^^^^^ help: if this is intentional, prefix it with an underscore: `_apple1`

warning: unused variable: `a`
   --> main\src\main.rs:465:9
    |
465 |     let a = tokio::spawn(async {
    |         ^ help: if this is intentional, prefix it with an underscore: `_a`

warning: unused variable: `a`
   --> main\src\main.rs:464:16
    |
464 | fn test14<'it>(a: impl IntoIterator<Item = &'it dyn FileSystemEntity>) {
    |                ^ help: if this is intentional, prefix it with an underscore: `_a`

warning: unused variable: `romania`
   --> main\src\main.rs:482:9
    |
482 |     let romania = HashMap::from([
    |         ^^^^^^^ help: if this is intentional, prefix it with an underscore: `_romania`

warning: unused variable: `map`
   --> main\src\main.rs:491:9
    |
491 |     let map = map! {
    |         ^^^ help: if this is intentional, prefix it with an underscore: `_map`

warning: unused variable: `map2`
   --> main\src\main.rs:496:13
    |
496 |     let mut map2 = mixedmap! {
    |             ^^^^ help: if this is intentional, prefix it with an underscore: `_map2`

warning: unused variable: `s1`
   --> main\src\main.rs:502:9
    |
502 |     let s1 = *s;
    |         ^^ help: if this is intentional, prefix it with an underscore: `_s1`

warning: variable does not need to be mutable
   --> main\src\main.rs:496:9
    |
496 |     let mut map2 = mixedmap! {
    |         ----^^^^
    |         |
    |         help: remove this `mut`

warning: function `run_local` is never used
   --> main\src\main.rs:192:10
    |
192 | async fn run_local<T>(future: impl Future<Output = T>) -> T {
    |          ^^^^^^^^^
    |
    = note: `#[warn(dead_code)]` on by default

warning: methods `a1`, `b1`, and `c1` are never used
   --> main\src\main.rs:215:8
    |
214 | impl A {
    | ------ methods in this implementation
215 |     fn a1(&mut self) {
    |        ^^
...
218 |     fn b1(&mut self) {
    |        ^^
...
221 |     fn c1(&mut self) {
    |        ^^

warning: function `test1` is never used
   --> main\src\main.rs:232:4
    |
232 | fn test1() {
    |    ^^^^^

warning: function `test1a` is never used
   --> main\src\main.rs:261:4
    |
261 | fn test1a() {
    |    ^^^^^^

warning: function `test2` is never used
   --> main\src\main.rs:277:4
    |
277 | fn test2() {
    |    ^^^^^

warning: function `test3` is never used
   --> main\src\main.rs:284:4
    |
284 | fn test3() {
    |    ^^^^^

warning: function `test4` is never used
   --> main\src\main.rs:304:4
    |
304 | fn test4() {
    |    ^^^^^

warning: function `test5` is never used
   --> main\src\main.rs:325:4
    |
325 | fn test5() {
    |    ^^^^^

warning: function `test6` is never used
   --> main\src\main.rs:344:4
    |
344 | fn test6() {
    |    ^^^^^

warning: function `test7` is never used
   --> main\src\main.rs:357:4
    |
357 | fn test7() {
    |    ^^^^^

warning: function `test8` is never used
   --> main\src\main.rs:388:4
    |
388 | fn test8() {
    |    ^^^^^

warning: function `test9` is never used
   --> main\src\main.rs:395:4
    |
395 | fn test9() {
    |    ^^^^^

warning: function `test10` is never used
   --> main\src\main.rs:414:10
    |
414 | async fn test10() -> String {
    |          ^^^^^^

warning: function `test11` is never used
   --> main\src\main.rs:429:4
    |
429 | fn test11<const N: usize>(list: [&dyn std::fmt::Debug; N]) {
    |    ^^^^^^

warning: function `test12` is never used
   --> main\src\main.rs:435:4
    |
435 | fn test12() {
    |    ^^^^^^

warning: function `test13` is never used
   --> main\src\main.rs:443:4
    |
443 | fn test13() {
    |    ^^^^^^

warning: function `test14` is never used
   --> main\src\main.rs:464:4
    |
464 | fn test14<'it>(a: impl IntoIterator<Item = &'it dyn FileSystemEntity>) {
    |    ^^^^^^

warning: function `test15` is never used
   --> main\src\main.rs:481:4
    |
481 | fn test15() {
    |    ^^^^^^

warning: function `wait` is never used
  --> main\src\async_exp.rs:12:14
   |
12 | pub async fn wait(secs: u64) {
   |              ^^^^

warning: function `some_future` is never used
  --> main\src\async_exp.rs:16:14
   |
16 | pub async fn some_future() -> impl Future {
   |              ^^^^^^^^^^^

warning: function `test` is never used
  --> main\src\async_exp.rs:20:14
   |
20 | pub async fn test() {
   |              ^^^^

warning: struct `A` is never constructed
  --> main\src\async_exp.rs:49:12
   |
49 |     struct A {
   |            ^

warning: struct `Data` is never constructed
  --> main\src\async_exp.rs:53:12
   |
53 |     struct Data {
   |            ^^^^

warning: function `test1` is never used
  --> main\src\async_exp.rs:57:18
   |
57 |     pub async fn test1() {
   |                  ^^^^^

warning: function `test2` is never used
  --> main\src\async_exp.rs:66:18
   |
66 |     pub async fn test2() {
   |                  ^^^^^

warning: function `test3` is never used
  --> main\src\async_exp.rs:74:18
   |
74 |     pub async fn test3() {
   |                  ^^^^^

warning: function `test4` is never used
  --> main\src\async_exp.rs:88:18
   |
88 |     pub async fn test4() {
   |                  ^^^^^

warning: function `test5` is never used
  --> main\src\async_exp.rs:96:18
   |
96 |     pub async fn test5() -> Result<()> {
   |                  ^^^^^

warning: function `test6` is never used
   --> main\src\async_exp.rs:106:18
    |
106 |     pub async fn test6() -> u32 {
    |                  ^^^^^

warning: function `test7` is never used
   --> main\src\async_exp.rs:121:18
    |
121 |     pub async fn test7() -> usize {
    |                  ^^^^^

warning: function `test8` is never used
   --> main\src\async_exp.rs:136:18
    |
136 |     pub async fn test8() {
    |                  ^^^^^

warning: function `test9` is never used
   --> main\src\async_exp.rs:149:18
    |
149 |     pub async fn test9() {
    |                  ^^^^^

warning: struct `Context` is never constructed
 --> main\src\compose.rs:3:8
  |
3 | struct Context {
  |        ^^^^^^^

warning: trait `Compose` is never used
 --> main\src\compose.rs:9:7
  |
9 | trait Compose: PartialEq<Self> {
  |       ^^^^^^^

warning: struct `Box` is never constructed
  --> main\src\compose.rs:17:8
   |
17 | struct Box<C>
   |        ^^^

warning: struct `Rect` is never constructed
  --> main\src\compose.rs:34:8
   |
34 | struct Rect;
   |        ^^^^

warning: struct `Custom` is never constructed
  --> main\src\compose.rs:43:8
   |
43 | struct Custom;
   |        ^^^^^^

warning: methods `ripeness` and `is_ripe` are never used
  --> main\src\fruits.rs:27:12
   |
26 | impl Fruit {
   | ---------- methods in this implementation
27 |     pub fn ripeness(&self) -> Ripeness {
   |            ^^^^^^^^
...
52 |     pub fn is_ripe(&self) -> bool {
   |            ^^^^^^^

warning: associated items `ZERO`, `new`, and `new_const` are never used
  --> main\src\fruits.rs:75:11
   |
74 | impl Dimensions {
   | --------------- associated items in this implementation
75 |     const ZERO: Self = Self::new_const(0., 0., 0.);
   |           ^^^^
76 |     pub fn new(x: impl Into<f64>, y: impl Into<f64>, z: impl Into<f64>) -> Self {
   |            ^^^
...
83 |     pub const fn new_const(x: f64, y: f64, z: f64) -> Self {
   |                  ^^^^^^^^^

warning: method `then` is never used
  --> main\src\go.rs:19:14
   |
18 | pub trait Then<T> {
   |           ---- method in this trait
19 |     async fn then(self, run: impl FnOnce(T));
   |              ^^^^

warning: function `wait_for` is never used
  --> main\src\go.rs:28:8
   |
28 | pub fn wait_for<T>(future: impl Future<Output = T>) -> T {
   |        ^^^^^^^^

warning: function `map1` is never used
 --> main\src\guard_map.rs:5:14
  |
5 | pub const fn map1() -> Map<'static> {
  |              ^^^^

warning: enum `Direction` is never used
  --> main\src\guard_map.rs:17:6
   |
17 | enum Direction {
   |      ^^^^^^^^^

warning: method `turn_right` is never used
  --> main\src\guard_map.rs:25:14
   |
24 | impl Direction {
   | -------------- method in this implementation
25 |     const fn turn_right(&self) -> Direction {
   |              ^^^^^^^^^^

warning: associated items `origin`, `new`, and `move_in` are never used
  --> main\src\guard_map.rs:42:14
   |
41 | impl Location {
   | ------------- associated items in this implementation
42 |     const fn origin() -> Self {
   |              ^^^^^^
...
45 |     const fn new(x: i32, y: i32) -> Self {
   |              ^^^
...
48 |     const fn move_in(&self, direction: Direction) -> Location {
   |              ^^^^^^^

warning: struct `Guard` is never constructed
  --> main\src\guard_map.rs:70:8
   |
70 | struct Guard {
   |        ^^^^^

warning: struct `Map` is never constructed
  --> main\src\guard_map.rs:75:12
   |
75 | pub struct Map<'a> {
   |            ^^^

warning: methods `is_wall`, `in_bounds`, `guard_in_bounds`, `walk`, and `walk_till_end` are never used
   --> main\src\guard_map.rs:82:8
    |
81  | impl<'a> Map<'a> {
    | ---------------- methods in this implementation
82  |     fn is_wall(&self, location: &Location) -> bool {
    |        ^^^^^^^
...
85  |     const fn in_bounds(&self, location: &Location) -> bool {
    |              ^^^^^^^^^
...
91  |     const fn guard_in_bounds(&self) -> bool {
    |              ^^^^^^^^^^^^^^^
...
94  |     fn walk(&mut self) -> Location {
    |        ^^^^
...
105 |     pub fn walk_till_end(&mut self) -> Location {
    |            ^^^^^^^^^^^^^

warning: function `test` is never used
   --> main\src\guard_map.rs:119:12
    |
119 |     pub fn test() {
    |            ^^^^

warning: variants `Cons` and `Empty` are never constructed
  --> main\src\linked_list.rs:10:5
   |
9  | pub enum List<T> {
   |          ---- variants in this enum
10 |     Cons(T, Box<List<T>>),
   |     ^^^^
11 |     Empty,
   |     ^^^^^

warning: methods `len`, `is_empty`, `push`, `contains`, and `starts_with` are never used
  --> main\src\linked_list.rs:15:12
   |
14 | impl<T> List<T> {
   | --------------- methods in this implementation
15 |     pub fn len(&self) -> usize {
   |            ^^^
...
21 |     pub fn is_empty(&self) -> bool {
   |            ^^^^^^^^
...
27 |     pub fn push(&mut self, elem: T) {
   |            ^^^^
...
33 |     pub fn contains(&self, x: &T) -> bool
   |            ^^^^^^^^
...
42 |     pub fn starts_with(&self, needle: &Self) -> bool
   |            ^^^^^^^^^^^

warning: function `cons` is never used
   --> main\src\linked_list.rs:237:8
    |
237 | pub fn cons<T>(head: T, tail: List<T>) -> List<T> {
    |        ^^^^

warning: struct `A` is never constructed
   --> main\src\linked_list.rs:257:12
    |
257 |     struct A {
    |            ^

warning: associated function `new` is never used
   --> main\src\linked_list.rs:262:12
    |
261 |     impl A {
    |     ------ associated function in this implementation
262 |         fn new() -> Self {
    |            ^^^

warning: function `test1` is never used
   --> main\src\linked_list.rs:269:12
    |
269 |     pub fn test1() {
    |            ^^^^^

warning: function `test2` is never used
   --> main\src\linked_list.rs:273:12
    |
273 |     pub fn test2() {
    |            ^^^^^

warning: methods `add`, `extract`, and `pop` are never used
  --> main\src\mixture.rs:37:8
   |
36 | pub trait MixtureExt {
   |           ---------- methods in this trait
37 |     fn add<T: 'static>(&mut self, value: T);
   |        ^^^
38 |     fn extract<T: 'static>(&mut self, index: usize) -> T;
   |        ^^^^^^^
39 |     fn pop<T: 'static>(&mut self) -> T;
   |        ^^^

warning: method `case` is never used
  --> main\src\mixture.rs:71:8
   |
65 | pub trait AnythingExt<'a> {
   |           ----------- method in this trait
...
71 |     fn case<T: 'a>(&mut self, match_arm: impl FnOnce(&mut T)) -> (&mut Anything<'a>, bool);
   |        ^^^^

warning: trait `Number` is never used
   --> main\src\mixture.rs:163:11
    |
163 | pub trait Number:
    |           ^^^^^^

warning: function `add` is never used
   --> main\src\mixture.rs:177:8
    |
177 |     fn add<Num: Number>(x: Num, y: Num) -> <Num as Add>::Output {
    |        ^^^

warning: function `test1` is never used
   --> main\src\mixture.rs:180:8
    |
180 |     fn test1() {
    |        ^^^^^

warning: function `factors` is never used
 --> main\src\numbers.rs:5:8
  |
5 | pub fn factors(n: u32) -> Vec<u32> {
  |        ^^^^^^^

warning: function `prime` is never used
  --> main\src\numbers.rs:13:8
   |
13 | pub fn prime(n: u32) -> bool {
   |        ^^^^^

warning: function `primes` is never used
  --> main\src\numbers.rs:17:8
   |
17 | pub fn primes(list: impl IntoIterator<Item = u32>) -> impl Iterator<Item = u32> {
   |        ^^^^^^

warning: methods `class_name` and `boxed` are never used
 --> main\src\object.rs:8:8
  |
7 | pub trait Object: Clone + PartialEq + Hash {
  |           ------ methods in this trait
8 |     fn class_name(&self) -> String;
  |        ^^^^^^^^^^
9 |     fn boxed(self) -> Box<Self> {
  |        ^^^^^

warning: associated function `variants` is never used
  --> main\src\object.rs:15:8
   |
14 | pub trait Enum: Object {
   |           ---- associated function in this trait
15 |     fn variants() -> Vec<Self>;
   |        ^^^^^^^^

warning: function `quicksort` is never used
 --> main\src\quicksort.rs:9:8
  |
9 | pub fn quicksort<T: PartialOrd>(mut list: Vec<T>) -> Vec<T> {
  |        ^^^^^^^^^

warning: function `sorting_flap` is never used
  --> main\src\quicksort.rs:61:4
   |
61 | fn sorting_flap<T>(left_condition: impl Fn(&T) -> bool) -> impl Fn(T) -> (Option<T>, Option<T>) {
   |    ^^^^^^^^^^^^

warning: function `test` is never used
  --> main\src\quicksort.rs:78:12
   |
78 |     pub fn test() {
   |            ^^^^

warning: associated function `action` is never used
  --> main\src\recipe.rs:24:12
   |
23 | impl<'a, Input, Output> Step<'a, Input, Output> {
   | ----------------------------------------------- associated function in this implementation
24 |     pub fn action<Closure>(alias: impl Display, closure: Closure) -> Self
   |            ^^^^^^

warning: function `identity` is never used
  --> main\src\recipe.rs:32:8
   |
32 | pub fn identity<Input>() -> impl Fn(Input) -> Input {
   |        ^^^^^^^^

warning: multiple associated items are never used
   --> main\src\recipe.rs:58:12
    |
57  | impl<'a, Ingredients, Outcome> Recipe<'a, Ingredients, Outcome> {
    | --------------------------------------------------------------- associated items in this implementation
58  |     pub fn initially<Closure: Runnable<Ingredients, Outcome> + 'a>(
    |            ^^^^^^^^^
...
67  |     pub fn then<Closure: Runnable<Outcome, Outcome> + 'a>(
    |            ^^^^
...
75  |     pub fn replace_first<Closure: Runnable<Outcome, Outcome> + 'a>(
    |            ^^^^^^^^^^^^^
...
92  |     pub fn replace<Closure: Runnable<Outcome, Outcome> + 'a + Clone>(
    |            ^^^^^^^
...
108 |     pub fn replace_initial<Closure: Runnable<Ingredients, Outcome> + 'a>(
    |            ^^^^^^^^^^^^^^^
...
115 |     pub fn remove_first(&mut self, alias: impl Display) -> &mut Self {
    |            ^^^^^^^^^^^^
...
128 |     pub fn remove(&mut self, alias: impl Display) -> &mut Self {
    |            ^^^^^^
...
140 |     pub fn get(&self, alias: impl Display) -> Step<'a, Outcome, Outcome>
    |            ^^^

warning: method `pipe` is never used
   --> main\src\recipe.rs:174:8
    |
169 | pub trait Pipe<Closure, Return>
    |           ---- method in this trait
...
174 |     fn pipe(self, closure: Closure) -> Return;
    |        ^^^^

warning: method `apply` is never used
   --> main\src\recipe.rs:192:8
    |
187 | pub trait Apply<Closure>
    |           ----- method in this trait
...
192 |     fn apply(self, closure: Closure) -> Self;
    |        ^^^^^

warning: method `log` is never used
   --> main\src\recipe.rs:207:8
    |
206 | pub trait Log {
    |           --- method in this trait
207 |     fn log(self) -> Self;
    |        ^^^

warning: method `pass` is never used
   --> main\src\recipe.rs:247:8
    |
246 | pub trait Pass<Arg: Clone> {
    |           ---- method in this trait
247 |     fn pass(self, arg: Arg) -> impl Fn();
    |        ^^^^

warning: method `discard` is never used
   --> main\src\recipe.rs:262:8
    |
261 | pub trait Discard {
    |           ------- method in this trait
262 |     fn discard(self);
    |        ^^^^^^^

warning: associated items `new`, `width`, `height`, and `rotate` are never used
   --> main\src\recipe.rs:285:12
    |
284 |     impl<'a> Boxy<'a> {
    |     ----------------- associated items in this implementation
285 |         fn new() -> Self {
    |            ^^^
...
293 |         fn width(&mut self, value: i32) -> &mut Self {
    |            ^^^^^
...
300 |         fn height(&mut self, value: i32) -> &mut Self {
    |            ^^^^^^
...
307 |         fn rotate(&mut self, degrees: f32) -> &mut Self {
    |            ^^^^^^

warning: function `test1` is never used
   --> main\src\recipe.rs:321:12
    |
321 |     pub fn test1() {
    |            ^^^^^

warning: enum `Shape` is never used
   --> main\src\recipe.rs:338:10
    |
338 |     enum Shape {
    |          ^^^^^

warning: associated items `square` and `area` are never used
   --> main\src\recipe.rs:343:12
    |
342 |     impl Shape {
    |     ---------- associated items in this implementation
343 |         fn square(side: f32) -> Self {
    |            ^^^^^^
...
346 |         fn area(self) -> f32 {
    |            ^^^^

warning: function `test2` is never used
   --> main\src\recipe.rs:353:12
    |
353 |     pub fn test2() {
    |            ^^^^^

warning: enum `BinaryTree` is never used
 --> main\src\tree.rs:1:6
  |
1 | enum BinaryTree<'a, T> {
  |      ^^^^^^^^^^

warning: methods `contains` and `insert` are never used
  --> main\src\tree.rs:9:8
   |
8  | impl<'a, T: PartialOrd> BinaryTree<'a, T> {
   | ----------------------------------------- methods in this implementation
9  |     fn contains(&self, target: Option<&T>) -> bool {
   |        ^^^^^^^^
...
22 |     fn insert(&'a mut self, item: T) {
   |        ^^^^^^

warning: function `attempt` is never used
  --> main\src\whoops.rs:51:8
   |
51 | pub fn attempt<Closure, Return>(closure: Closure) -> Whoops
   |        ^^^^^^^

warning: method `catch` is never used
  --> main\src\whoops.rs:60:8
   |
59 | pub trait Catch {
   |           ----- method in this trait
60 |     fn catch<HandleErrorClosure: FnOnce(Box<dyn Error>)>(self, closure: HandleErrorClosure);
   |        ^^^^^

warning: trait method `needsRebuild` should have a snake case name
  --> main\src\compose.rs:11:8
   |
11 |     fn needsRebuild(&self, old_widget: &Self) -> bool {
   |        ^^^^^^^^^^^^ help: convert the identifier to snake case: `needs_rebuild`
   |
   = note: `#[warn(non_snake_case)]` on by default

warning: `main` (bin "main") generated 111 warnings (1 duplicate) (run `cargo fix --bin "main"` to apply 2 suggestions)
    Finished `dev` profile [unoptimized + debuginfo] target(s) in 10.30s
     Running `target\debug\main.exe`
